[themestarz.net/html/propper/index-v1.html]
[backblue.gif]
[fade.gif]
[index.html]
[themestarz.net/html/propper/assets/img/logo.png]
[themestarz.net/html/propper/assets/img/gallery-big-04.jpg]
[themestarz.net/html/propper/assets/img/gallery-big-01.jpg]
[themestarz.net/html/propper/assets/img/gallery-big-02.jpg]
[themestarz.net/html/propper/assets/img/icon-white-shield.png]
[themestarz.net/html/propper/assets/img/icon-white-pin.png]
[themestarz.net/html/propper/assets/img/icon-white-wallet.png]
[themestarz.net/html/propper/assets/img/bg-01.jpg]
[themestarz.net/html/propper/assets/img/image-video.jpg]
[themestarz.net/html/propper/assets/img/gallery-01.jpg]
[themestarz.net/html/propper/assets/img/gallery-02.jpg]
[themestarz.net/html/propper/assets/img/gallery-big-03.jpg]
[themestarz.net/html/propper/assets/img/logo-1.png]
[themestarz.net/html/propper/assets/img/logo-2.png]
[themestarz.net/html/propper/assets/img/logo-3.png]
[themestarz.net/html/propper/assets/img/logo-4.png]
[themestarz.net/html/propper/assets/img/logo-5.png]
[themestarz.net/html/propper/assets/img/logo-6.png]
[themestarz.net/html/propper/assets/img/logo-7.png]
[themestarz.net/html/propper/assets/img/logo-8.png]
[themestarz.net/html/propper/assets/img/footer-bg.jpg]
[themestarz.net/html/propper/assets/img/floor-plan.jpg]
[themestarz.net/html/propper/assets/js/jquery-2.2.1.min.js]
[themestarz.net/html/propper/assets/js/jquery-migrate-1.2.1.min.js]
[themestarz.net/html/propper/assets/bootstrap/js/bootstrap.min.js]
[themestarz.net/html/propper/assets/js/jquery.validate.min.js]
[themestarz.net/html/propper/assets/js/owl.carousel.min.js]
[themestarz.net/html/propper/assets/js/jquery.magnific-popup.min.js]
[themestarz.net/html/propper/assets/js/scrollReveal.min.js]
[themestarz.net/html/propper/assets/js/readmore.min.js]
[themestarz.net/html/propper/assets/js/pace.min.js]
[themestarz.net/html/propper/assets/js/custom.js]
[themestarz.net/html/propper/assets/img/map-marker.png]
[themestarz.net/html/propper/index-v1.html]
[themestarz.net/html/propper/assets/fonts/fontawesome-webfont93e3.eot]
[themestarz.net/html/propper/assets/fonts/fontawesome-webfontd41d.eot]
[themestarz.net/html/propper/assets/fonts/fontawesome-webfont93e3.woff2]
[themestarz.net/html/propper/assets/fonts/fontawesome-webfont93e3.woff]
[themestarz.net/html/propper/assets/fonts/fontawesome-webfont93e3.ttf]
[themestarz.net/html/propper/assets/fonts/font-awesome.css]
[themestarz.net/html/propper/assets/fonts/fonts/ElegantIcons.eot]
[themestarz.net/html/propper/assets/fonts/fonts/ElegantIcons.woff]
[themestarz.net/html/propper/assets/fonts/fonts/ElegantIconsd41d.eot]
[themestarz.net/html/propper/assets/fonts/fonts/ElegantIcons.ttf]
[themestarz.net/html/propper/assets/fonts/elegant-fonts.css]
[themestarz.net/html/propper/assets/bootstrap/fonts/glyphicons-halflings-regular.eot]
[themestarz.net/html/propper/assets/bootstrap/fonts/glyphicons-halflings-regulard41d.eot]
[themestarz.net/html/propper/assets/bootstrap/fonts/glyphicons-halflings-regular.woff2]
[themestarz.net/html/propper/assets/bootstrap/fonts/glyphicons-halflings-regular.woff]
[themestarz.net/html/propper/assets/bootstrap/fonts/glyphicons-halflings-regular.ttf]
[themestarz.net/html/propper/assets/bootstrap/css/bootstrap.css]
[themestarz.net/html/propper/assets/css/owl.video.play.png]
[themestarz.net/html/propper/assets/css/owl.carousel.css]
[themestarz.net/html/propper/assets/css/magnific-popup.css]
[themestarz.net/html/propper/assets/css/style.css]
[themestarz.net/html/propper/assets/fonts/fontawesome-webfont93e3.svg]
[themestarz.net/html/propper/assets/fonts/fonts/ElegantIcons.svg]
[themestarz.net/html/propper/assets/bootstrap/fonts/glyphicons-halflings-regular.svg]
[themestarz.net/html/propper/assets/css/owl.video.play.html]
